
> solisinverterindonesia@1.0.0 build
> next build

   Γû▓ Next.js 15.1.6
   - Environments: .env.production, .env

   Creating an optimized production build ...
 Γ£ô Compiled successfully
   Skipping validation of types
   Skipping linting
   Collecting page data ...
Generating static params for categories...
node.exe : Error in generateStaticParams for 
categories: TypeError: fetch failed
At C:\Program Files\nodejs\npm.ps1:29 char:3
+   & $NODE_EXE $NPM_CLI_JS $args
+   ~~~~~~~~~~~~~~~~~~~~~~~~~~~~~
    + CategoryInfo          : NotSpecified:  
   (Error in genera...r: fetch failed:Strin  
  g) [], RemoteException
    + FullyQualifiedErrorId : NativeCommandE 
   rror
 
    at async Object.request (C:\laragon\www\s
olisinverterindonesia\.next\server\chunks\916
.js:1:5030)
    at async Object.y [as 
generateStaticParams] (C:\laragon\www\solisin
verterindonesia\.next\server\app\produk\kateg
ori\[slug]\page.js:1:3329) {
  [cause]: Error: connect ECONNREFUSED 
127.0.0.1:8055
      at <unknown> (Error: connect 
ECONNREFUSED 127.0.0.1:8055) {
    errno: -4078,
    code: 'ECONNREFUSED',
    syscall: 'connect',
    address: '127.0.0.1',
    port: 8055
  }
}

> Build error occurred
[Error: Page "/produk/kategori/[slug]" is 
missing "generateStaticParams()" so it 
cannot be used with "output: export" config.]
